C1 refrigerated dewatering (wall 101 s). Water removal 95 % kept (mass balance unchanged). COP = 0.45 x T_evap/(T_cond - T_evap), T_evap = T_req - 5 K, T_cond = 318.15 K.

--- condenser outlet temperatures and refrigeration ---
                            case  S2_T_required_K  S2_removal_at_313K  S2_refrigeration_below_313_kW  S2_COP  S2_chiller_kW  S3_T_required_K  S3_removal_at_313K  S3_refrigeration_below_313_kW  S3_COP  S3_chiller_kW  chiller_power_total_kW  chiller_power_etaII_035_kW  chiller_power_etaII_055_kW  below_freezing
      2b_y0.55 eq recycle h=0.35            283.4               0.684                          664.1   3.150          210.8            274.4               0.405                          462.9   2.485          186.2                   397.1                       510.5                       324.9           False
       2b_y0.55 eq recycle h=0.5            284.2               0.702                          566.7   3.228          175.6            284.4               0.705                          306.6   3.242           94.6                   270.1                       347.3                       221.0           False
      2b_y0.55 eq recycle h=0.75            283.8               0.692                          462.5   3.185          145.2            304.4               0.917                           72.6   7.200           10.1                   155.3                       199.7                       127.1           False
      2b_y0.60 eq recycle h=0.35            284.5               0.707                          469.2   3.252          144.3            286.8               0.748                          202.8   3.484           58.2                   202.5                       260.3                       165.7           False
       2b_y0.60 eq recycle h=0.5            283.9               0.695                          419.6   3.200          131.1            299.9               0.891                           88.3   5.715           15.5                   146.6                       188.5                       119.9           False
      2b_y0.60 eq recycle h=0.75            279.1               0.574                          547.2   2.798          195.6            300.1               0.892                          104.7   5.764           18.2                   213.7                       274.8                       174.9           False
      2b_y0.65 eq recycle h=0.35            283.1               0.678                          380.5   3.126          121.7            300.5               0.894                           63.5   5.860           10.8                   132.5                       170.4                       108.4           False
       2b_y0.65 eq recycle h=0.5            280.8               0.623                          406.1   2.933          138.5            305.7               0.923                           38.1   7.771          4.907                   143.4                       184.4                       117.3           False
      2b_y0.65 eq recycle h=0.75            275.2               0.439                          646.6   2.535          255.0            287.0               0.752                          256.2   3.511           73.0                   328.0                       421.7                       268.4           False
  2b_y0.60 eq once-through h=0.5            281.5               0.640                          321.4   2.986          107.6            305.9               0.924                           30.7   7.862          3.908                   111.5                       143.4                        91.2           False
2b_y0.60 kin recycle phi=1 h=0.5            256.4               0.000                        1,760.7   1.694        1,039.1            253.2               0.000                          962.9   1.595          603.6                 1,642.7                     2,112.0                     1,344.0            True

--- streams, X4 representative, refrigerated ---
kind                                                        stream  T_in_K  T_out_K  duty_kW
 hot                                       Stage 1 gas 1200->950 K 1,200.0    950.0    574.9
 hot                                   Stage 1 solid C 1200->313 K 1,200.0    313.1    584.1
 hot Stage 2 gas 950->284 K (condensing, refrigerated below 313 K)   950.0    283.9  3,865.1
 hot                                       Stage 3 exotherm @650 K   650.0    649.5  3,170.8
 hot Stage 3 gas 650->300 K (condensing, refrigerated below 313 K)   650.0    299.9  1,563.8
 hot                                    Stage 3 solid C 650->313 K   650.0    313.1     94.6
cold                                         fresh CH4 298->1200 K   298.1  1,200.0  1,876.2
cold                                      recycled CH4 300->1200 K   299.9  1,200.0    151.1
cold                                     Stage 1 endotherm @1200 K 1,200.0  1,200.5  3,275.3
cold                                          fresh CO2 298->950 K   298.1    950.0    708.7
cold                                 recycle to Stage 2 300->950 K   299.9    950.0    768.7
cold                                      Stage 2 endotherm @950 K   950.0    950.5    842.2
cold                                           CFR feed 284->650 K   283.9    650.0    916.3

--- pinch results (both conventions) ---
                          case                        convention  dTmin_K  Q_H_min_kW  Q_C_min_kW  Q_cw_utility_kW  Q_refrig_utility_kW  process_heat_recovered_kW  pinch_T_shifted_K  area_target_m2_U50
    2b_y0.55 eq recycle h=0.35 refrigerated to T_req (this work)     20.0     4,749.5     6,418.3          5,291.3              1,127.0                    7,224.3              640.0             2,723.6
    2b_y0.55 eq recycle h=0.35 refrigerated to T_req (this work)     30.0     4,878.6     6,547.4          5,420.4              1,127.0                    7,095.1              635.0             1,935.1
    2b_y0.55 eq recycle h=0.35             T4 convention (313 K)     20.0     4,749.5     5,585.5          5,585.5                0.000                    6,970.5              640.0             2,709.0
    2b_y0.55 eq recycle h=0.35             T4 convention (313 K)     30.0     4,878.5     5,714.6          5,714.6                0.000                    6,841.5              635.0             1,921.0
     2b_y0.55 eq recycle h=0.5 refrigerated to T_req (this work)     20.0     4,588.8     6,481.1          5,607.8                873.3                    6,209.5              640.0             2,490.3
     2b_y0.55 eq recycle h=0.5 refrigerated to T_req (this work)     30.0     4,697.3     6,589.5          5,716.2                873.3                    6,101.0              635.0             1,733.8
     2b_y0.55 eq recycle h=0.5             T4 convention (313 K)     20.0     4,588.8     5,818.6          5,818.6                0.000                    6,036.7              640.0             2,480.3
     2b_y0.55 eq recycle h=0.5             T4 convention (313 K)     30.0     4,697.2     5,927.0          5,927.0                0.000                    5,928.3              635.0             1,724.2
    2b_y0.55 eq recycle h=0.75 refrigerated to T_req (this work)     20.0     4,566.0     6,830.2          6,295.1                535.1                    4,921.9              940.0             1,848.5
    2b_y0.55 eq recycle h=0.75 refrigerated to T_req (this work)     30.0     4,622.6     6,886.7          6,351.7                535.1                    4,865.4              935.0             1,439.7
    2b_y0.55 eq recycle h=0.75             T4 convention (313 K)     20.0     4,566.0     6,414.6          6,414.6                0.000                    4,817.5              940.0             1,842.4
    2b_y0.55 eq recycle h=0.75             T4 convention (313 K)     30.0     4,622.6     6,471.1          6,471.1                0.000                    4,760.9              935.0             1,433.8
    2b_y0.60 eq recycle h=0.35 refrigerated to T_req (this work)     20.0     4,288.9     5,426.9          4,754.9                672.0                    5,022.0              940.0             2,052.2
    2b_y0.60 eq recycle h=0.35 refrigerated to T_req (this work)     30.0     4,349.5     5,487.5          4,815.5                672.0                    4,961.4              935.0             1,559.0
    2b_y0.60 eq recycle h=0.35             T4 convention (313 K)     20.0     4,288.9     4,911.1          4,911.1                0.000                    4,896.4              940.0             2,045.0
    2b_y0.60 eq recycle h=0.35             T4 convention (313 K)     30.0     4,349.5     4,971.6          4,971.6                0.000                    4,835.9              935.0             1,551.8
     2b_y0.60 eq recycle h=0.5 refrigerated to T_req (this work)     20.0     4,163.5     5,478.3          4,970.5                507.9                    4,374.9              940.0             1,671.3
     2b_y0.60 eq recycle h=0.5 refrigerated to T_req (this work)     30.0     4,215.4     5,530.2          5,022.3                507.9                    4,323.1              935.0             1,295.1
     2b_y0.60 eq recycle h=0.5             T4 convention (313 K)     20.0     4,163.6     5,078.2          5,078.2                0.000                    4,285.0              940.0             1,666.0
     2b_y0.60 eq recycle h=0.5             T4 convention (313 K)     30.0     4,215.4     5,130.0          5,130.0                0.000                    4,233.2              935.0             1,290.1
    2b_y0.60 eq recycle h=0.75 refrigerated to T_req (this work)     20.0     5,281.6     6,761.4          6,109.4                651.9                    5,259.6              940.0             1,864.6
    2b_y0.60 eq recycle h=0.75 refrigerated to T_req (this work)     30.0     5,339.5     6,819.2          6,167.3                651.9                    5,201.8              935.0             1,488.3
    2b_y0.60 eq recycle h=0.75             T4 convention (313 K)     20.0     5,281.7     6,260.4          6,260.4                0.000                    5,140.1              940.0             1,857.6
    2b_y0.60 eq recycle h=0.75             T4 convention (313 K)     30.0     5,339.4     6,318.2          6,318.2                0.000                    5,082.4              935.0             1,481.8
    2b_y0.65 eq recycle h=0.35 refrigerated to T_req (this work)     20.0     3,873.1     4,459.7          4,015.8                444.0                    3,795.8              940.0             1,408.8
    2b_y0.65 eq recycle h=0.35 refrigerated to T_req (this work)     30.0     3,918.6     4,505.2          4,061.3                444.0                    3,750.3              935.0             1,100.2
    2b_y0.65 eq recycle h=0.35             T4 convention (313 K)     20.0     3,873.1     4,101.9          4,101.9                0.000                    3,718.1              940.0             1,404.3
    2b_y0.65 eq recycle h=0.35             T4 convention (313 K)     30.0     3,918.6     4,147.3          4,147.3                0.000                    3,672.6              935.0             1,095.9
     2b_y0.65 eq recycle h=0.5 refrigerated to T_req (this work)     20.0     4,070.0     4,726.9          4,282.7                444.3                    3,894.5              940.0             1,384.4
     2b_y0.65 eq recycle h=0.5 refrigerated to T_req (this work)     30.0     4,115.0     4,771.9          4,327.7                444.3                    3,849.5              935.0             1,098.1
     2b_y0.65 eq recycle h=0.5             T4 convention (313 K)     20.0     4,070.0     4,382.1          4,382.1                0.000                    3,809.7              940.0             1,379.6
     2b_y0.65 eq recycle h=0.5             T4 convention (313 K)     30.0     4,115.0     4,427.1          4,427.1                0.000                    3,764.7              935.0             1,093.3
    2b_y0.65 eq recycle h=0.75 refrigerated to T_req (this work)     20.0     4,892.2     5,678.8          4,776.0                902.8                    5,559.3            1,190.0             1,655.0
    2b_y0.65 eq recycle h=0.75 refrigerated to T_req (this work)     30.0     4,936.4     5,722.9          4,820.1                902.8                    5,515.1            1,185.0             1,366.2
    2b_y0.65 eq recycle h=0.75             T4 convention (313 K)     20.0     4,892.2     4,966.0          4,966.0                0.000                    5,382.2            1,190.0             1,645.0
    2b_y0.65 eq recycle h=0.75             T4 convention (313 K)     30.0     4,936.4     5,010.1          5,010.1                0.000                    5,338.0            1,185.0             1,356.3
2b_y0.60 eq once-through h=0.5 refrigerated to T_req (this work)     20.0     3,354.2     3,906.7          3,554.5                352.1                    3,161.6              940.0             1,127.3
2b_y0.60 eq once-through h=0.5 refrigerated to T_req (this work)     30.0     3,390.8     3,943.3          3,591.2                352.1                    3,124.9              935.0               893.2
2b_y0.60 eq once-through h=0.5             T4 convention (313 K)     20.0     3,354.2     3,620.0          3,620.0                0.000                    3,108.1              940.0             1,124.3
2b_y0.60 eq once-through h=0.5             T4 convention (313 K)     30.0     3,390.8     3,656.6          3,656.6                0.000                    3,071.5              935.0               890.2

--- auxiliary totals (P3 items + chiller) ---
