P3 auxiliary power (wall 46 s). EQUILIBRIUM recycle, 1 atm.

--- Items, representative X4 case (2b, y = 0.60, h = 0.50) ---
                          item                                                    name      kW                            basis                                                 source
               A_upgrading_low            biogas CH4/CO2 separation (low: 0.2 kWh/Nm3)   931.4         raw biogas 111,770 Nm3/d SGC 2013:270 p.28/34/52; Kamusoko & Mukumba 2026 Tab.3
              A_upgrading_base          biogas CH4/CO2 separation (base: 0.25 kWh/Nm3) 1,164.3         raw biogas 111,770 Nm3/d SGC 2013:270 p.28/34/52; Kamusoko & Mukumba 2026 Tab.3
              A_upgrading_high          biogas CH4/CO2 separation (high: 0.45 kWh/Nm3) 2,095.7         raw biogas 111,770 Nm3/d SGC 2013:270 p.28/34/52; Kamusoko & Mukumba 2026 Tab.3
B1_H2membrane_feed_compression H2 membrane, feed 1 atm -> 4 bar (whole Stage 2 stream)   517.7                feed 8,549 kmol/d            T3 compression model; assumption 4 bar feed
 B2_H2membrane_permeate_vacuum          H2 membrane, permeate vacuum 0.25 bar -> 1 atm   136.3            permeate 2,189 kmol/d                           assumption 0.25 bar permeate
             B_H2membrane_base            H2 membrane driving force (cheaper of B1/B2)   136.3                               B2                                                       
          C_CH4separation_base    CH4 separation at Stage 3 outlet (0.25 kWh/Nm3 feed)   609.8 feed 2,612 kmol/d = 58,538 Nm3/d                          assumption, same sources as A
   C_alt_feed_compression_4bar                CH4 separation alt.: feed 1 atm -> 4 bar   155.9                                                                    T3 compression model
              D_recycle_blower                              recycle blower, dP 0.3 bar    28.7                     2,493 kmol/d                                assumption dP, eta 0.70
                 D_feed_blower                     fresh biogas/CO2 blower, dP 0.3 bar    57.3                     4,987 kmol/d                                             assumption
              E_condenser_fans           air-cooled condensers, 1.5 % of 5,152 kW duty    77.3 latent 1,779 + sensible 3,373 kW                               assumption 1-2 % of duty
             F_solids_handling                       solid carbon handling, 10.0 kWh/t    24.4                         58.6 t/d                                  assumption 5-20 kWh/t
                       G_other                                      other (5 % of B-F)    46.7                                                                              assumption

--- Totals per case ---
                       case  aux_excl_upgrading_kW  aux_incl_upgrading_kW  aux_incl_upgrading_high_kW  duty_cooling_kW  H2_net_exportable_tpd   Q1_kW   Q2_kW    Q3_kW  C_total_tpd  CO2_carbon_fixed_fraction
 2b_y0.55 eq recycle h=0.35                2,445.1                3,715.2                     4,731.3          8,095.0                    3.8 3,052.9 1,532.6 -3,863.6         60.5                        0.8
  2b_y0.55 eq recycle h=0.5                1,863.2                3,133.3                     4,149.4          7,198.2                    3.3 3,097.6 1,382.1 -3,872.3         61.9                        0.9
 2b_y0.55 eq recycle h=0.75                1,010.2                2,280.3                     3,296.4          5,982.0                    2.6 3,604.1   912.1 -4,074.2         64.2                        1.0
 2b_y0.60 eq recycle h=0.35                1,392.8                2,557.1                     3,488.5          5,740.2                    4.8 3,094.3 1,127.7 -3,197.2         57.6                        0.9
  2b_y0.60 eq recycle h=0.5                  980.5                2,144.7                     3,076.2          5,151.8                    4.4 3,275.3   842.2 -3,170.8         58.6                        0.9
 2b_y0.60 eq recycle h=0.75                1,115.6                2,279.9                     3,211.3          5,654.6                    4.1 4,968.1   285.4 -4,284.6         59.6                        1.0
 2b_y0.65 eq recycle h=0.35                  832.4                1,907.1                     2,766.9          4,307.0                    5.9 3,226.4   612.4 -2,488.6         54.4                        1.0
  2b_y0.65 eq recycle h=0.5                  773.1                1,847.8                     2,707.6          4,312.1                    5.7 3,714.0   331.3 -2,706.1         54.9                        1.0
 2b_y0.65 eq recycle h=0.75                1,734.4                2,809.1                     3,668.9          5,716.2                    5.5 4,803.3  -249.8 -3,184.8         55.2                        1.0
submitted eq recycle h=0.35                  926.2                2,090.5                     3,021.9          3,703.4                   10.7 4,118.5  -283.3 -1,755.3         47.4                        1.0

--- Final net H2 [t/d] after heat (Q1+Q2+, furnace 0.85) and auxiliaries | excl. upgrading (submitted boundary) | H2 engine 0.40 ---
heat_recovery_fraction    0.00  0.25  0.50
y_CH4_biogas h_H2_to_CFR                  
0.55         0.35        -4.48 -3.66 -2.84
             0.50        -3.80 -2.98 -2.16
             0.75        -3.10 -2.23 -1.37
0.60         0.35        -1.28 -0.61 +0.07
             0.50        -0.82 -0.15 +0.52
             0.75        -2.38 -1.47 -0.57
0.65         0.35        +1.11 +1.64 +2.17
             0.50        +0.87 +1.44 +2.01
             0.75        -1.64 -0.92 -0.19

--- Final net H2 [t/d] after heat (Q1+Q2+, furnace 0.85) and auxiliaries | excl. upgrading (submitted boundary) | fuel cell 0.50 ---
heat_recovery_fraction    0.00  0.25  0.50
y_CH4_biogas h_H2_to_CFR                  
0.55         0.35        -3.60 -2.78 -1.96
             0.50        -3.13 -2.31 -1.49
             0.75        -2.73 -1.87 -1.01
0.60         0.35        -0.78 -0.10 +0.57
             0.50        -0.47 +0.20 +0.87
             0.75        -1.98 -1.07 -0.16
0.65         0.35        +1.41 +1.94 +2.47
             0.50        +1.14 +1.72 +2.29
             0.75        -1.02 -0.29 +0.44

--- Final net H2 [t/d] after heat (Q1+Q2+, furnace 0.85) and auxiliaries | incl. upgrading (base 0.25 kWh/Nm3) | H2 engine 0.40 ---
heat_recovery_fraction    0.00  0.25  0.50
y_CH4_biogas h_H2_to_CFR                  
0.55         0.35        -6.77 -5.95 -5.13
             0.50        -6.09 -5.27 -4.45
             0.75        -5.38 -4.52 -3.66
0.60         0.35        -3.38 -2.70 -2.02
             0.50        -2.92 -2.25 -1.57
             0.75        -4.48 -3.57 -2.66
0.65         0.35        -0.82 -0.29 +0.23
             0.50        -1.07 -0.50 +0.08
             0.75        -3.58 -2.85 -2.12

--- Final net H2 [t/d] after heat (Q1+Q2+, furnace 0.85) and auxiliaries | incl. upgrading (base 0.25 kWh/Nm3) | fuel cell 0.50 ---
heat_recovery_fraction    0.00  0.25  0.50
y_CH4_biogas h_H2_to_CFR                  
0.55         0.35        -5.43 -4.61 -3.79
             0.50        -4.96 -4.14 -3.32
             0.75        -4.56 -3.70 -2.84
0.60         0.35        -2.46 -1.78 -1.10
             0.50        -2.15 -1.47 -0.80
             0.75        -3.66 -2.75 -1.84
0.65         0.35        -0.13 +0.39 +0.92
             0.50        -0.40 +0.17 +0.74
             0.75        -2.57 -1.84 -1.11

--- Final net H2 [t/d] after heat (Q1+Q2+, furnace 0.85) and auxiliaries | incl. upgrading (high 0.45) | H2 engine 0.40 ---
heat_recovery_fraction    0.00  0.25  0.50
y_CH4_biogas h_H2_to_CFR                  
0.55         0.35        -8.60 -7.78 -6.96
             0.50        -7.92 -7.10 -6.28
             0.75        -7.21 -6.35 -5.49
0.60         0.35        -5.06 -4.38 -3.70
             0.50        -4.60 -3.92 -3.25
             0.75        -6.16 -5.25 -4.34
0.65         0.35        -2.37 -1.84 -1.31
             0.50        -2.62 -2.04 -1.47
             0.75        -5.13 -4.40 -3.67

--- Final net H2 [t/d] after heat (Q1+Q2+, furnace 0.85) and auxiliaries | incl. upgrading (high 0.45) | fuel cell 0.50 ---
heat_recovery_fraction    0.00  0.25  0.50
y_CH4_biogas h_H2_to_CFR                  
0.55         0.35        -6.89 -6.08 -5.26
             0.50        -6.43 -5.61 -4.79
             0.75        -6.03 -5.16 -4.30
0.60         0.35        -3.80 -3.12 -2.45
             0.50        -3.49 -2.82 -2.14
             0.75        -5.00 -4.09 -3.18
0.65         0.35        -1.37 -0.84 -0.32
             0.50        -1.64 -1.07 -0.50
             0.75        -3.81 -3.08 -2.35
Saved: /Users/iizumimamichi/Integrated_Waste_to_CarbonHub-main/revision/Result/P3_aux_power_items.csv /Users/iizumimamichi/Integrated_Waste_to_CarbonHub-main/revision/Result/P3_selfsufficiency_map.csv /Users/iizumimamichi/Integrated_Waste_to_CarbonHub-main/revision/Result/P3_summary.txt
