T3 pressure analysis (wall 110 s). Part 1/2 EQUILIBRIUM; Part 3 KINETIC (uncalibrated rate constants).

===== Part 1: single-stage Gibbs =====
                        stage                                 feed  P_bar P_label  X_CH4  C_solid_tpd  H2_out_kmol_d   Q_kW  X_CO2  xi1_CO_kmol_d  xi2_CH4_formed_kmol_d  H2O_out_kmol_d  CH4_formed_kmol_d  COx_conversion
     Stage 1 pyrolysis 1200 K     fresh CH4 (same for both chains)  1.013   1 atm 0.9698        34.85           5803   3031    NaN            NaN                    NaN             NaN                NaN             NaN
           Stage 2 RWGS 950 K                    Feed A (eq chain)  1.013   1 atm    NaN          NaN            NaN -196.4 0.8137            579                  197.6           974.2                NaN             NaN
           Stage 2 RWGS 950 K  kinetic design case (tau1*=8.905 s)  1.013   1 atm    NaN          NaN            NaN  217.9 0.8033            730                  36.59           803.2                NaN             NaN
Stage 3 methanation/CFR 650 K                Feed A chain CFR feed  1.013   1 atm    NaN        1.476            NaN  -1479    NaN            NaN                    NaN           755.9                519          0.8483
Stage 3 methanation/CFR 650 K kinetic design case CFR feed (phi=0)  1.013   1 atm    NaN        4.165            NaN  -1596    NaN            NaN                    NaN           930.7                436          0.8202
     Stage 1 pyrolysis 1200 K     fresh CH4 (same for both chains)      1   1 bar 0.9702        34.87           5806   3032    NaN            NaN                    NaN             NaN                NaN             NaN
           Stage 2 RWGS 950 K                    Feed A (eq chain)      1   1 bar    NaN          NaN            NaN -187.1 0.8136          582.5                    194           970.5                NaN             NaN
           Stage 2 RWGS 950 K  kinetic design case (tau1*=8.905 s)      1   1 bar    NaN          NaN            NaN  229.2 0.8035          734.6                  32.27           799.1                NaN             NaN
Stage 3 methanation/CFR 650 K                Feed A chain CFR feed      1   1 bar    NaN        1.484            NaN  -1478    NaN            NaN                    NaN           755.8              518.3          0.8482
Stage 3 methanation/CFR 650 K kinetic design case CFR feed (phi=0)      1   1 bar    NaN        4.172            NaN  -1595    NaN            NaN                    NaN           930.5              435.2          0.8201
     Stage 1 pyrolysis 1200 K     fresh CH4 (same for both chains)      2   2 bar 0.9429        33.88           5642   2947    NaN            NaN                    NaN             NaN                NaN             NaN
           Stage 2 RWGS 950 K                    Feed A (eq chain)      2   2 bar    NaN          NaN            NaN -714.3 0.8278          390.9                    399            1189                NaN             NaN
           Stage 2 RWGS 950 K  kinetic design case (tau1*=8.905 s)      2   2 bar    NaN          NaN            NaN   -388 0.8029          496.5                  269.7            1036                NaN             NaN
Stage 3 methanation/CFR 650 K                Feed A chain CFR feed      2   2 bar    NaN        1.137            NaN  -1513    NaN            NaN                    NaN           761.7              550.4          0.8525
Stage 3 methanation/CFR 650 K kinetic design case CFR feed (phi=0)      2   2 bar    NaN        3.827            NaN  -1633    NaN            NaN                    NaN           938.8              468.6          0.8249
     Stage 1 pyrolysis 1200 K     fresh CH4 (same for both chains)      5   5 bar  0.873        31.37           5224   2729    NaN            NaN                    NaN             NaN                NaN             NaN
           Stage 2 RWGS 950 K                    Feed A (eq chain)      5   5 bar    NaN          NaN            NaN  -1374 0.8805          179.4                  660.8            1501                NaN             NaN
           Stage 2 RWGS 950 K  kinetic design case (tau1*=8.905 s)      5   5 bar    NaN          NaN            NaN  -1137  0.844          241.1                  564.3            1370                NaN             NaN
Stage 3 methanation/CFR 650 K                Feed A chain CFR feed      5   5 bar    NaN       0.8201            NaN  -1545    NaN            NaN                    NaN           766.7              579.7          0.8563
Stage 3 methanation/CFR 650 K kinetic design case CFR feed (phi=0)      5   5 bar    NaN        3.509            NaN  -1667    NaN            NaN                    NaN           945.9                499          0.8291
     Stage 1 pyrolysis 1200 K     fresh CH4 (same for both chains)     10  10 bar 0.7847         28.2           4695   2452    NaN            NaN                    NaN             NaN                NaN             NaN
           Stage 2 RWGS 950 K                    Feed A (eq chain)     10  10 bar    NaN          NaN            NaN  -1738 0.9315          80.41                  808.5            1697                NaN             NaN
           Stage 2 RWGS 950 K  kinetic design case (tau1*=8.905 s)     10  10 bar    NaN          NaN            NaN  -1566 0.8962          118.3                  736.9            1592                NaN             NaN
Stage 3 methanation/CFR 650 K                Feed A chain CFR feed     10  10 bar    NaN       0.6558            NaN  -1561    NaN            NaN                    NaN           769.1              594.7          0.8581
Stage 3 methanation/CFR 650 K kinetic design case CFR feed (phi=0)     10  10 bar    NaN        3.344            NaN  -1685    NaN            NaN                    NaN           949.4              514.7          0.8311
     Stage 1 pyrolysis 1200 K     fresh CH4 (same for both chains)     20  20 bar 0.6669        23.96           3990   2084    NaN            NaN                    NaN             NaN                NaN             NaN
           Stage 2 RWGS 950 K                    Feed A (eq chain)     20  20 bar    NaN          NaN            NaN  -1954 0.9711          29.01                  897.7            1824                NaN             NaN
           Stage 2 RWGS 950 K  kinetic design case (tau1*=8.905 s)     20  20 bar    NaN          NaN            NaN  -1852 0.9465          48.72                  854.5            1758                NaN             NaN
Stage 3 methanation/CFR 650 K                Feed A chain CFR feed     20  20 bar    NaN       0.5363            NaN  -1573    NaN            NaN                    NaN           770.7              605.5          0.8592
Stage 3 methanation/CFR 650 K kinetic design case CFR feed (phi=0)     20  20 bar    NaN        3.222            NaN  -1698    NaN            NaN                    NaN           951.5                526          0.8324

===== Part 2: equilibrium recycle (r=0.95, p=0.05, h=0.35) =====
                           case  converged  iterations  S1_X_CH4  S1_inlet_CH4_ratio_vs_fresh  S2_X_CO2_per_pass  S2_xi2_CH4_formed_kmol_d  S3_CH4_formed_kmol_d  C_total_tpd  C_from_CO2_total_tpd  purge_carbon_tpd  recycle_to_S2_total_kmol_d  Q1_kW  Q2_kW  Q3_kW  H2_net_exportable_tpd  water_total_tpd  W_compression_total_kW  W_compression_excl_solarH2_kW  closure_C_rel
               eq uniform 1 atm       True          29    0.9698                        1.359             0.8525                     238.6                 715.1        47.36                 11.42           0.04235                       656.1   4118 -283.3  -1755                  10.73            34.32                   6.996                          6.334      4.789e-11
               eq uniform 1 bar       True          29    0.9702                        1.358             0.8519                     234.4                 719.2        47.36                 11.42           0.04321                         647   4118 -272.2  -1766                  10.73            34.32                       0                              0      8.086e-11
               eq uniform 2 bar       True          25    0.9429                        1.398             0.8842                     474.4                   480        47.36                 11.43            0.0377                        1306   4119 -888.1  -1168                  10.72            34.36                   407.7                          369.2      4.685e-13
               eq uniform 5 bar       True          23     0.873                        1.509             0.9414                     747.9                 206.6        47.35                 11.43           0.04817                        2116   4118  -1576 -498.8                  10.72            34.37                     985                          894.1      3.008e-14
              eq uniform 10 bar       True          21    0.7847                        1.679             0.9716                     860.3                 94.44        47.33                 11.42            0.0642                        2472   4117  -1856 -227.1                  10.71            34.38                    1453                           1324     -3.148e-13
              eq uniform 20 bar       True          22    0.6669                        1.975             0.9867                     912.1                 43.31        47.31                 11.42           0.09218                        2666   4115  -1984 -103.6                   10.7            34.38                    2070                           1896     -3.105e-10
 eq split S1=1 bar, S2=S3=1 bar       True          29    0.9702                        1.358             0.8519                     234.4                 719.2        47.36                 11.42           0.04321                         647   4118 -272.2  -1766                  10.73            34.32                       0                              0      8.086e-11
 eq split S1=1 bar, S2=S3=5 bar       True          21    0.9702                        1.359             0.9578                     810.6                 143.8        47.37                 11.43           0.03391                        2280   4119  -1733 -346.5                  10.72            34.37                   740.8                          649.9       1.51e-14
eq split S1=1 bar, S2=S3=10 bar       True          19    0.9702                        1.359             0.9863                       910                 44.38        47.37                 11.43           0.03391                        2575   4119  -1980 -106.6                  10.72            34.38                    1054                          924.7      1.175e-14
eq split S1=1 bar, S2=S3=20 bar       True          19    0.9702                        1.359             0.9963                     942.5                 11.88        47.37                 11.43           0.03391                        2673   4119  -2061 -28.48                  10.72            34.38                    1418                           1244       4.84e-15

===== Part 3: kinetic design case =====
                                  case  converged  iterations  S1_X_CH4  S2_X_CO2_per_pass  S2_xi2_CH4_formed_kmol_d  S3_CH4_formed_kmol_d  S3_COx_conversion  C_stage3_tpd  C_total_tpd  C_from_CO2_total_tpd  purge_carbon_tpd  recycle_to_S2_total_kmol_d  Q1_kW  Q2_kW  Q3_kW  H2_net_exportable_tpd  water_total_tpd  W_compression_total_kW  closure_C_rel
    kin once-through (1,1,1) bar phi=0       True           1    0.8731             0.7007                         0                 3.571           0.003741             0        31.38                     0             16.02                           0   2729    273 -8.711                  11.68            12.09                       0     -6.914e-16
         kin recycle (1,1,1) bar phi=0       True         301    0.8731             0.2331                         0                  19.5           0.001604        0.1226        36.28                0.3561             11.12                   2.071e+04   3144  334.5 -65.33                  12.87             15.3                       0     -4.422e-08
  kin once-through (1,1,1) bar phi=0.1       True           1    0.8731             0.7131                     44.48                 3.332           0.003662             0        31.38                     0             16.02                           0   2729  162.2 -8.136                  11.39             13.1                       0     -2.305e-16
       kin recycle (1,1,1) bar phi=0.1       True         306    0.8731             0.2343                     9.692                 19.58           0.001613          0.12        36.39                0.4705             11.01                   2.052e+04   3155  309.7 -65.21                  12.85            15.48                       0     -4.478e-08
    kin once-through (1,1,1) bar phi=1       True           1    0.8731             0.7215                     185.7                 2.559            0.00333             0        31.38                     0             16.02                           0   2729 -201.5 -6.229                  10.52            15.76                       0     -1.152e-16
         kin recycle (1,1,1) bar phi=1       True         375    0.8731              0.248                     112.4                 20.58           0.001723       0.09023        37.61                 1.682             9.794                   1.855e+04   3263  46.32 -63.88                  12.62            17.46                       0     -3.923e-08
    kin once-through (1,5,5) bar phi=0       True           1    0.8731             0.8055                         0                 137.1             0.1436             0        31.38                     0             16.02                           0   2729  313.8 -293.4                  10.43            18.24                   565.3      3.457e-16
         kin recycle (1,5,5) bar phi=0       True         314    0.8731             0.2722                -1.137e-13                 126.8            0.01037        0.4623         37.9                 1.981             9.496                   1.771e+04   3256  333.3 -368.1                  12.54            18.22                     644     -3.647e-08
  kin once-through (1,5,5) bar phi=0.1       True           1    0.8731             0.8438                     565.1                 67.55             0.1735             0        31.38                     0             16.02                           0   2729  -1140 -142.9                  7.474            26.87                   565.3     -6.914e-16
       kin recycle (1,5,5) bar phi=0.1       True          26    0.8731              0.922                     884.1                 59.81             0.2229             0        47.23                  11.3             0.173                        2720   4107  -1931 -126.6                  10.74            34.17                   770.9      1.767e-10
    kin once-through (1,5,5) bar phi=1       True           1    0.8731             0.8438                       565                 67.56             0.1735             0        31.38                     0             16.02                           0   2729  -1139 -142.9                  7.475            26.87                   565.3     -1.268e-15
         kin recycle (1,5,5) bar phi=1       True          26    0.8731             0.9222                     884.4                 59.68             0.2257             0        47.23                 11.31            0.1707                        2716   4107  -1932 -126.3                  10.74            34.17                   770.9      2.117e-10
  kin once-through (1,10,10) bar phi=0       True           1    0.8731             0.8055                         0                 213.2             0.2234             0        31.38                     0             16.02                           0   2729  313.8 -458.1                  9.839            20.64                   804.5              0
       kin recycle (1,10,10) bar phi=0       True         143    0.8731             0.3392                         0                 413.4            0.04417        0.5403        41.41                 5.491             5.986                   1.098e+04   3555  257.1   -995                  11.82            24.56                   979.8     -4.723e-09
kin once-through (1,10,10) bar phi=0.1       True           1    0.8731             0.8963                     737.1                 99.01             0.4558             0        31.38                     0             16.02                           0   2729  -1566 -208.3                  6.078            31.96                   804.5              0
     kin recycle (1,10,10) bar phi=0.1       True          18    0.8731             0.9779                     928.9                 23.04             0.3223             0        47.32                  11.4           0.07715                        2695   4115  -2033 -49.01                  10.72            34.34                    1099      4.249e-10
  kin once-through (1,10,10) bar phi=1       True           1    0.8731             0.8963                     737.1                 99.01             0.4558             0        31.38                     0             16.02                           0   2729  -1566 -208.3                  6.078            31.96                   804.5     -4.609e-16
       kin recycle (1,10,10) bar phi=1       True          18    0.8731             0.9779                     928.9                 23.03             0.3224             0        47.32                  11.4           0.07714                        2695   4115  -2033 -49.01                  10.72            34.34                    1099      4.239e-10
Saved: <repo>/revision/Result/T3_pressure_single_stage.csv <repo>/revision/Result/T3_pressure_eq_recycle.csv <repo>/revision/Result/T3_pressure_kin_cases.csv <repo>/revision/Result/T3_pressure_summary.txt
