T4 heat cascade (wall 48 s). EQUILIBRIUM values.

--- Streams, X4 representative (2b, y=0.60, h=0.50) ---
kind                              stream  T_in_K  T_out_K  duty_kW
 hot             Stage 1 gas 1200->950 K 1,200.0    950.0    574.9
 hot         Stage 1 solid C 1200->313 K 1,200.0    313.1    584.1
 hot Stage 2 gas 950->313 K (condensing)   950.0    313.1  3,463.3
 hot             Stage 3 exotherm @650 K   650.0    649.5  3,170.8
 hot Stage 3 gas 650->313 K (condensing)   650.0    313.1  1,475.5
 hot          Stage 3 solid C 650->313 K   650.0    313.1     94.6
cold               fresh CH4 298->1200 K   298.1  1,200.0  1,876.2
cold            recycled CH4 313->1200 K   313.1  1,200.0    149.7
cold           Stage 1 endotherm @1200 K 1,200.0  1,200.5  3,275.3
cold                fresh CO2 298->950 K   298.1    950.0    708.7
cold       recycle to Stage 2 313->950 K   313.1    950.0    751.9
cold            Stage 2 endotherm @950 K   950.0    950.5    842.2
cold                 CFR feed 313->650 K   313.1    650.0    844.5

--- Streams, submitted once-through ---
kind                              stream  T_in_K  T_out_K  duty_kW
 hot             Stage 1 gas 1200->950 K 1,200.0    950.0    532.0
 hot         Stage 1 solid C 1200->313 K 1,200.0    313.1    540.5
 hot             Stage 2 exotherm @950 K   950.0    949.5    196.4
 hot Stage 2 gas 950->313 K (condensing)   950.0    313.1  2,030.3
 hot             Stage 3 exotherm @650 K   650.0    649.5  1,478.5
 hot Stage 3 gas 650->313 K (condensing)   650.0    313.1    627.6
 hot          Stage 3 solid C 650->313 K   650.0    313.1      6.7
cold               fresh CH4 298->1200 K   298.1  1,200.0  1,876.2
cold           Stage 1 endotherm @1200 K 1,200.0  1,200.5  3,030.9
cold                fresh CO2 298->950 K   298.1    950.0    339.1
cold          electrolytic H2 298->950 K   298.1    950.0    277.5
cold                 CFR feed 313->650 K   313.1    650.0    382.3

--- Pinch results ---
                            case  dTmin_K   Q1_kW   Q2_kW    Q3_kW  hot_streams_total_kW  cold_streams_total_kW  Q_H_min_kW  Q_C_min_kW  process_heat_recovered_kW  pinch_T_shifted_K  area_target_m2_U50  equivalent_recovery_fraction_F1b_convention  share_of_Q1_covered_by_process_heat
      2b_y0.55 eq recycle h=0.35     20.0 3,052.9 1,532.6 -3,863.6              12,556.0               11,720.0     4,749.5     5,585.5                    6,970.5              640.0             2,709.0                                         -0.0                                  0.0
      2b_y0.55 eq recycle h=0.35     30.0 3,052.9 1,532.6 -3,863.6              12,556.0               11,720.0     4,878.5     5,714.6                    6,841.5              635.0             1,921.0                                         -0.1                                  0.0
       2b_y0.55 eq recycle h=0.5     20.0 3,097.6 1,382.1 -3,872.3              11,855.3               10,625.5     4,588.8     5,818.6                    6,036.7              640.0             2,480.3                                         -0.0                                  0.0
       2b_y0.55 eq recycle h=0.5     30.0 3,097.6 1,382.1 -3,872.3              11,855.3               10,625.5     4,697.2     5,927.0                    5,928.3              635.0             1,724.2                                         -0.1                                  0.0
      2b_y0.55 eq recycle h=0.75     20.0 3,604.1   912.1 -4,074.2              11,232.0                9,383.5     4,566.0     6,414.6                    4,817.5              940.0             1,842.4                                         -0.0                                  0.0
      2b_y0.55 eq recycle h=0.75     30.0 3,604.1   912.1 -4,074.2              11,232.0                9,383.5     4,622.6     6,471.1                    4,760.9              935.0             1,433.8                                         -0.0                                  0.0
      2b_y0.60 eq recycle h=0.35     20.0 3,094.3 1,127.7 -3,197.2               9,807.5                9,185.4     4,288.9     4,911.1                    4,896.4              940.0             2,045.0                                         -0.0                                  0.0
      2b_y0.60 eq recycle h=0.35     30.0 3,094.3 1,127.7 -3,197.2               9,807.5                9,185.4     4,349.5     4,971.6                    4,835.9              935.0             1,551.8                                         -0.0                                  0.0
       2b_y0.60 eq recycle h=0.5     20.0 3,275.3   842.2 -3,170.8               9,363.2                8,448.5     4,163.6     5,078.2                    4,285.0              940.0             1,666.0                                         -0.0                                  0.0
       2b_y0.60 eq recycle h=0.5     30.0 3,275.3   842.2 -3,170.8               9,363.2                8,448.5     4,215.4     5,130.0                    4,233.2              935.0             1,290.1                                         -0.0                                  0.0
      2b_y0.60 eq recycle h=0.75     20.0 4,968.1   285.4 -4,284.6              11,400.5               10,421.8     5,281.7     6,260.4                    5,140.1              940.0             1,857.6                                         -0.0                                  0.0
      2b_y0.60 eq recycle h=0.75     30.0 4,968.1   285.4 -4,284.6              11,400.5               10,421.8     5,339.4     6,318.2                    5,082.4              935.0             1,481.8                                         -0.0                                  0.0
      2b_y0.65 eq recycle h=0.35     20.0 3,226.4   612.4 -2,488.6               7,820.0                7,591.2     3,873.1     4,101.9                    3,718.1              940.0             1,404.3                                         -0.0                                  0.0
      2b_y0.65 eq recycle h=0.35     30.0 3,226.4   612.4 -2,488.6               7,820.0                7,591.2     3,918.6     4,147.3                    3,672.6              935.0             1,095.9                                         -0.0                                  0.0
       2b_y0.65 eq recycle h=0.5     20.0 3,714.0   331.3 -2,706.1               8,191.8                7,879.7     4,070.0     4,382.1                    3,809.7              940.0             1,379.6                                         -0.0                                  0.0
       2b_y0.65 eq recycle h=0.5     30.0 3,714.0   331.3 -2,706.1               8,191.8                7,879.7     4,115.0     4,427.1                    3,764.7              935.0             1,093.3                                         -0.0                                  0.0
      2b_y0.65 eq recycle h=0.75     20.0 4,803.3  -249.8 -3,184.8              10,348.1               10,274.4     4,892.2     4,966.0                    5,382.2            1,190.0             1,645.0                                         -0.0                                  0.0
      2b_y0.65 eq recycle h=0.75     30.0 4,803.3  -249.8 -3,184.8              10,348.1               10,274.4     4,936.4     5,010.1                    5,338.0            1,185.0             1,356.3                                         -0.0                                  0.0
     submitted eq recycle h=0.35     20.0 4,118.5  -283.3 -1,755.3               6,876.6                7,932.6     4,194.7     3,138.7                    3,737.9            1,190.0             1,152.9                                         -0.0                                  0.0
     submitted eq recycle h=0.35     30.0 4,118.5  -283.3 -1,755.3               6,876.6                7,932.6     4,232.6     3,176.6                    3,700.0            1,185.0               923.4                                         -0.1                                  0.0
submitted eq once-through h=0.35     20.0 3,030.9  -196.4 -1,478.5               5,412.1                5,906.0     3,087.1     2,593.2                    2,818.9            1,190.0               872.7                                         -0.0                                  0.0
submitted eq once-through h=0.35     30.0 3,030.9  -196.4 -1,478.5               5,412.1                5,906.0     3,114.9     2,621.0                    2,791.1            1,185.0               701.8                                         -0.1                                  0.0

--- Raw biogas to Stage 1 ---
                                        case  CH4_in  CO2_in  X_CH4  C_solid_tpd  CO_out  H2_out  H2O_out   Q1_kW  Q1_per_t_C_kWh
              pure CH4 to Stage 1 (baseline) 2,992.0     0.0    1.0         34.9     0.0 5,803.3      0.0 3,030.9         2,087.2
raw biogas (y=0.6) to Stage 1, no separation 2,992.0 1,994.6    1.0         12.4 3,872.2 5,815.7     59.4 6,811.2        13,198.2

--- Final net H2 [t/d] with pinch-based hot utility | excl. upgrading (submitted boundary) | fuel cell 0.50 ---
dTmin_K                   20.0  30.0
y_CH4_biogas h_H2_to_CFR            
0.55         0.35        -3.74 -3.85
             0.50        -3.22 -3.32
             0.75        -2.77 -2.82
0.60         0.35        -0.84 -0.89
             0.50        -0.51 -0.55
             0.75        -2.00 -2.05
0.65         0.35        +1.39 +1.35
             0.50        +1.12 +1.09
             0.75        -1.09 -1.13
    with bottoming power cycle on the 650 K exotherm, eta_el = 0.20:
dTmin_K                   20.0  30.0
y_CH4_biogas h_H2_to_CFR            
0.55         0.35        -2.63 -2.74
             0.50        -2.11 -2.20
             0.75        -1.60 -1.65
0.60         0.35        +0.08 +0.03
             0.50        +0.41 +0.36
             0.75        -0.77 -0.82
0.65         0.35        +2.10 +2.06
             0.50        +1.90 +1.87
             0.75        -0.18 -0.21
    with bottoming power cycle on the 650 K exotherm, eta_el = 0.25:
dTmin_K                   20.0  30.0
y_CH4_biogas h_H2_to_CFR            
0.55         0.35        -2.35 -2.46
             0.50        -1.83 -1.92
             0.75        -1.32 -1.37
0.60         0.35        +0.31 +0.26
             0.50        +0.63 +0.59
             0.75        -0.46 -0.51
0.65         0.35        +2.28 +2.24
             0.50        +2.10 +2.06
             0.75        +0.05 +0.01

--- Final net H2 [t/d] with pinch-based hot utility | excl. upgrading (submitted boundary) | H2 engine 0.40 ---
dTmin_K                   20.0  30.0
y_CH4_biogas h_H2_to_CFR            
0.55         0.35        -4.62 -4.73
             0.50        -3.90 -3.99
             0.75        -3.14 -3.19
0.60         0.35        -1.34 -1.39
             0.50        -0.86 -0.90
             0.75        -2.41 -2.45
0.65         0.35        +1.09 +1.05
             0.50        +0.85 +0.81
             0.75        -1.72 -1.76
    with bottoming power cycle on the 650 K exotherm, eta_el = 0.20:
dTmin_K                   20.0  30.0
y_CH4_biogas h_H2_to_CFR            
0.55         0.35        -3.23 -3.34
             0.50        -2.50 -2.59
             0.75        -1.67 -1.72
0.60         0.35        -0.19 -0.24
             0.50        +0.28 +0.24
             0.75        -0.86 -0.91
0.65         0.35        +1.98 +1.94
             0.50        +1.82 +1.78
             0.75        -0.57 -0.61
    with bottoming power cycle on the 650 K exotherm, eta_el = 0.25:
dTmin_K                   20.0  30.0
y_CH4_biogas h_H2_to_CFR            
0.55         0.35        -2.88 -2.99
             0.50        -2.15 -2.24
             0.75        -1.32 -1.37
0.60         0.35        +0.10 +0.05
             0.50        +0.57 +0.52
             0.75        -0.48 -0.53
0.65         0.35        +2.21 +2.17
             0.50        +2.06 +2.03
             0.75        -0.29 -0.32

--- Final net H2 [t/d] with pinch-based hot utility | incl. upgrading (base 0.25 kWh/Nm3) | fuel cell 0.50 ---
dTmin_K                   20.0  30.0
y_CH4_biogas h_H2_to_CFR            
0.55         0.35        -5.57 -5.68
             0.50        -5.05 -5.15
             0.75        -4.60 -4.65
0.60         0.35        -2.52 -2.57
             0.50        -2.19 -2.23
             0.75        -3.68 -3.73
0.65         0.35        -0.16 -0.20
             0.50        -0.42 -0.46
             0.75        -2.64 -2.68
    with bottoming power cycle on the 650 K exotherm, eta_el = 0.20:
dTmin_K                   20.0  30.0
y_CH4_biogas h_H2_to_CFR            
0.55         0.35        -4.46 -4.57
             0.50        -3.94 -4.03
             0.75        -3.43 -3.48
0.60         0.35        -1.59 -1.65
             0.50        -1.27 -1.32
             0.75        -2.45 -2.50
0.65         0.35        +0.55 +0.52
             0.50        +0.36 +0.32
             0.75        -1.73 -1.76
    with bottoming power cycle on the 650 K exotherm, eta_el = 0.25:
dTmin_K                   20.0  30.0
y_CH4_biogas h_H2_to_CFR            
0.55         0.35        -4.18 -4.29
             0.50        -3.66 -3.75
             0.75        -3.14 -3.18
0.60         0.35        -1.36 -1.42
             0.50        -1.04 -1.09
             0.75        -2.14 -2.19
0.65         0.35        +0.73 +0.70
             0.50        +0.55 +0.51
             0.75        -1.50 -1.53

--- Final net H2 [t/d] with pinch-based hot utility | incl. upgrading (base 0.25 kWh/Nm3) | H2 engine 0.40 ---
dTmin_K                   20.0  30.0
y_CH4_biogas h_H2_to_CFR            
0.55         0.35        -6.91 -7.02
             0.50        -6.18 -6.27
             0.75        -5.42 -5.47
0.60         0.35        -3.44 -3.49
             0.50        -2.96 -3.00
             0.75        -4.50 -4.55
0.65         0.35        -0.85 -0.89
             0.50        -1.09 -1.13
             0.75        -3.65 -3.69
    with bottoming power cycle on the 650 K exotherm, eta_el = 0.20:
dTmin_K                   20.0  30.0
y_CH4_biogas h_H2_to_CFR            
0.55         0.35        -5.52 -5.63
             0.50        -4.79 -4.88
             0.75        -3.96 -4.01
0.60         0.35        -2.28 -2.34
             0.50        -1.82 -1.86
             0.75        -2.96 -3.01
0.65         0.35        +0.05 +0.01
             0.50        -0.12 -0.15
             0.75        -2.51 -2.55
    with bottoming power cycle on the 650 K exotherm, eta_el = 0.25:
dTmin_K                   20.0  30.0
y_CH4_biogas h_H2_to_CFR            
0.55         0.35        -5.17 -5.28
             0.50        -4.44 -4.53
             0.75        -3.59 -3.64
0.60         0.35        -2.00 -2.05
             0.50        -1.53 -1.57
             0.75        -2.57 -2.62
0.65         0.35        +0.27 +0.23
             0.50        +0.13 +0.09
             0.75        -2.22 -2.26
Saved: <repo>/revision/Result/T4_streams_X4_rep.csv <repo>/revision/Result/T4_streams_submitted_once.csv <repo>/revision/Result/T4_pinch_results.csv <repo>/revision/Result/T4_selfsufficiency.csv <repo>/revision/Result/T4_raw_biogas_stage1.csv <repo>/revision/Result/T4_composite_curves.png <repo>/revision/Result/T4_summary.txt
