T4b surplus-heat use (wall 39 s). EQUILIBRIUM. dTmin 20.0 K.

=== 2b_y0.55 eq recycle h=0.5: raw biogas 121,930 Nm3/d; Q_H,min 4,589 kW; plateau 3,872 kW; H2 after heat -0.54 t/d; aux excl. 1,863 kW; membrane 1,270 kW el; amine 660 kW el + 2,794 kW heat
                                                                                                   option  heat_available_at_reboiler_kW  heat_to_amine_kW  heat_to_power_kW  bottoming_power_kW  electricity_demand_kW  residual_electricity_kW  H2_net_final_tpd
                                                                          ref: upgrading outside boundary                            NaN              0.00              0.00                0.00               1,863.23                 1,863.23             -3.22
                                                      ref: upgrading outside boundary, bottoming eta 0.20                            NaN              0.00          3,872.26              774.45               1,863.23                 1,088.78             -2.11
                                                      ref: upgrading outside boundary, bottoming eta 0.25                            NaN              0.00          3,872.26              968.06               1,863.23                   895.16             -1.83
                                                                    (i) membrane upgrading , no bottoming                            NaN              0.00              0.00                0.00               3,133.34                 3,133.34             -5.05
                                                    (i) membrane upgrading, all plateau to power eta 0.20                            NaN              0.00          3,872.26              774.45               3,133.34                 2,358.89             -3.94
                                                    (i) membrane upgrading, all plateau to power eta 0.25                            NaN              0.00          3,872.26              968.06               3,133.34                 2,165.27             -3.66
                                                (ii) amine upgrading, reboiler 120 C (base), no bottoming                       4,007.62          2,794.24              0.00                0.00               2,523.68                 2,523.68             -4.18
                       (iii) amine upgrading, reboiler 120 C (base), bottoming eta 0.20 on remaining heat                       4,007.62          2,794.24          1,213.38              242.68               2,523.68                 2,281.01             -3.83
                       (iii) amine upgrading, reboiler 120 C (base), bottoming eta 0.25 on remaining heat                       4,007.62          2,794.24          1,213.38              303.34               2,523.68                 2,220.34             -3.74
                                        (ii) amine upgrading, reboiler 160 C (conservative), no bottoming                       3,980.67          2,794.24              0.00                0.00               2,523.68                 2,523.68             -4.18
               (iii) amine upgrading, reboiler 160 C (conservative), bottoming eta 0.20 on remaining heat                       3,980.67          2,794.24          1,186.43              237.29               2,523.68                 2,286.40             -3.83
               (iii) amine upgrading, reboiler 160 C (conservative), bottoming eta 0.25 on remaining heat                       3,980.67          2,794.24          1,186.43              296.61               2,523.68                 2,227.08             -3.75
                         (ii) amine upgrading, reboiler 90 C (vacuum option, +0.05 kWh/Nm3), no bottoming                       4,028.55          2,794.24              0.00                0.00               2,777.71                 2,777.71             -4.54
(iii) amine upgrading, reboiler 90 C (vacuum option, +0.05 kWh/Nm3), bottoming eta 0.20 on remaining heat                       4,028.55          2,794.24          1,234.31              246.86               2,777.71                 2,530.84             -4.19
(iii) amine upgrading, reboiler 90 C (vacuum option, +0.05 kWh/Nm3), bottoming eta 0.25 on remaining heat                       4,028.55          2,794.24          1,234.31              308.58               2,777.71                 2,469.13             -4.10

=== 2b_y0.60 eq recycle h=0.5: raw biogas 111,770 Nm3/d; Q_H,min 4,164 kW; plateau 3,171 kW; H2 after heat 0.90 t/d; aux excl. 980 kW; membrane 1,164 kW el; amine 605 kW el + 2,561 kW heat
                                                                                                   option  heat_available_at_reboiler_kW  heat_to_amine_kW  heat_to_power_kW  bottoming_power_kW  electricity_demand_kW  residual_electricity_kW  H2_net_final_tpd
                                                                          ref: upgrading outside boundary                            NaN              0.00              0.00                0.00                 980.48                   980.48             -0.51
                                                      ref: upgrading outside boundary, bottoming eta 0.20                            NaN              0.00          3,170.83              634.17                 980.48                   346.31              0.41
                                                      ref: upgrading outside boundary, bottoming eta 0.25                            NaN              0.00          3,170.83              792.71                 980.48                   187.77              0.63
                                                                    (i) membrane upgrading , no bottoming                            NaN              0.00              0.00                0.00               2,144.74                 2,144.74             -2.19
                                                    (i) membrane upgrading, all plateau to power eta 0.20                            NaN              0.00          3,170.83              634.17               2,144.74                 1,510.58             -1.27
                                                    (i) membrane upgrading, all plateau to power eta 0.25                            NaN              0.00          3,170.83              792.71               2,144.74                 1,352.04             -1.04
                                                (ii) amine upgrading, reboiler 120 C (base), no bottoming                       3,362.80          2,561.39              0.00                0.00               1,585.90                 1,585.90             -1.38
                       (iii) amine upgrading, reboiler 120 C (base), bottoming eta 0.20 on remaining heat                       3,362.80          2,561.39            801.41              160.28               1,585.90                 1,425.61             -1.15
                       (iii) amine upgrading, reboiler 120 C (base), bottoming eta 0.25 on remaining heat                       3,362.80          2,561.39            801.41              200.35               1,585.90                 1,385.54             -1.09
                                        (ii) amine upgrading, reboiler 160 C (conservative), no bottoming                       3,335.64          2,561.39              0.00                0.00               1,585.90                 1,585.90             -1.38
               (iii) amine upgrading, reboiler 160 C (conservative), bottoming eta 0.20 on remaining heat                       3,335.64          2,561.39            774.26              154.85               1,585.90                 1,431.04             -1.16
               (iii) amine upgrading, reboiler 160 C (conservative), bottoming eta 0.25 on remaining heat                       3,335.64          2,561.39            774.26              193.56               1,585.90                 1,392.33             -1.10
                         (ii) amine upgrading, reboiler 90 C (vacuum option, +0.05 kWh/Nm3), no bottoming                       3,383.81          2,561.39              0.00                0.00               1,818.75                 1,818.75             -1.72
(iii) amine upgrading, reboiler 90 C (vacuum option, +0.05 kWh/Nm3), bottoming eta 0.20 on remaining heat                       3,383.81          2,561.39            822.42              164.48               1,818.75                 1,654.26             -1.48
(iii) amine upgrading, reboiler 90 C (vacuum option, +0.05 kWh/Nm3), bottoming eta 0.25 on remaining heat                       3,383.81          2,561.39            822.42              205.61               1,818.75                 1,613.14             -1.42

=== 2b_y0.65 eq recycle h=0.5: raw biogas 103,172 Nm3/d; Q_H,min 4,070 kW; plateau 2,706 kW; H2 after heat 2.24 t/d; aux excl. 773 kW; membrane 1,075 kW el; amine 559 kW el + 2,364 kW heat
                                                                                                   option  heat_available_at_reboiler_kW  heat_to_amine_kW  heat_to_power_kW  bottoming_power_kW  electricity_demand_kW  residual_electricity_kW  H2_net_final_tpd
                                                                          ref: upgrading outside boundary                            NaN              0.00              0.00                0.00                 773.13                   773.13              1.12
                                                      ref: upgrading outside boundary, bottoming eta 0.20                            NaN              0.00          2,706.08              541.22                 773.13                   231.91              1.90
                                                      ref: upgrading outside boundary, bottoming eta 0.25                            NaN              0.00          2,706.08              676.52                 773.13                    96.61              2.10
                                                                    (i) membrane upgrading , no bottoming                            NaN              0.00              0.00                0.00               1,847.84                 1,847.84             -0.42
                                                    (i) membrane upgrading, all plateau to power eta 0.20                            NaN              0.00          2,706.08              541.22               1,847.84                 1,306.62              0.36
                                                    (i) membrane upgrading, all plateau to power eta 0.25                            NaN              0.00          2,706.08              676.52               1,847.84                 1,171.32              0.55
                                                (ii) amine upgrading, reboiler 120 C (base), no bottoming                       2,959.31          2,364.36              0.00                0.00               1,331.98                 1,331.98              0.32
                       (iii) amine upgrading, reboiler 120 C (base), bottoming eta 0.20 on remaining heat                       2,959.31          2,364.36            594.95              118.99               1,331.98                 1,212.99              0.49
                       (iii) amine upgrading, reboiler 120 C (base), bottoming eta 0.25 on remaining heat                       2,959.31          2,364.36            594.95              148.74               1,331.98                 1,183.24              0.53
                                        (ii) amine upgrading, reboiler 160 C (conservative), no bottoming                       2,930.04          2,364.36              0.00                0.00               1,331.98                 1,331.98              0.32
               (iii) amine upgrading, reboiler 160 C (conservative), bottoming eta 0.20 on remaining heat                       2,930.04          2,364.36            565.69              113.14               1,331.98                 1,218.84              0.48
               (iii) amine upgrading, reboiler 160 C (conservative), bottoming eta 0.25 on remaining heat                       2,930.04          2,364.36            565.69              141.42               1,331.98                 1,190.56              0.52
                         (ii) amine upgrading, reboiler 90 C (vacuum option, +0.05 kWh/Nm3), no bottoming                       2,981.89          2,364.36              0.00                0.00               1,546.92                 1,546.92              0.01
(iii) amine upgrading, reboiler 90 C (vacuum option, +0.05 kWh/Nm3), bottoming eta 0.20 on remaining heat                       2,981.89          2,364.36            617.53              123.51               1,546.92                 1,423.41              0.19
(iii) amine upgrading, reboiler 90 C (vacuum option, +0.05 kWh/Nm3), bottoming eta 0.25 on remaining heat                       2,981.89          2,364.36            617.53              154.38               1,546.92                 1,392.54              0.23

=== Final net H2 [t/d] by option x (y, power source) ===
y_CH4_biogas                                                                                                        0.55                          0.60                          0.65               
power_source                                                                                              H2 engine 0.40 fuel cell 0.50 H2 engine 0.40 fuel cell 0.50 H2 engine 0.40 fuel cell 0.50
option                                                                                                                                                                                             
(i) membrane upgrading , no bottoming                                                                              -6.18          -5.05          -2.96          -2.19          -1.09          -0.42
(i) membrane upgrading, all plateau to power eta 0.20                                                              -4.79          -3.94          -1.82          -1.27          -0.12          +0.36
(i) membrane upgrading, all plateau to power eta 0.25                                                              -4.44          -3.66          -1.53          -1.04          +0.13          +0.55
(ii) amine upgrading, reboiler 120 C (base), no bottoming                                                          -5.09          -4.18          -1.95          -1.38          -0.16          +0.32
(ii) amine upgrading, reboiler 160 C (conservative), no bottoming                                                  -5.09          -4.18          -1.95          -1.38          -0.16          +0.32
(ii) amine upgrading, reboiler 90 C (vacuum option, +0.05 kWh/Nm3), no bottoming                                   -5.54          -4.54          -2.37          -1.72          -0.55          +0.01
(iii) amine upgrading, reboiler 120 C (base), bottoming eta 0.20 on remaining heat                                 -4.65          -3.83          -1.66          -1.15          +0.05          +0.49
(iii) amine upgrading, reboiler 120 C (base), bottoming eta 0.25 on remaining heat                                 -4.54          -3.74          -1.59          -1.09          +0.11          +0.53
(iii) amine upgrading, reboiler 160 C (conservative), bottoming eta 0.20 on remaining heat                         -4.66          -3.83          -1.67          -1.16          +0.04          +0.48
(iii) amine upgrading, reboiler 160 C (conservative), bottoming eta 0.25 on remaining heat                         -4.55          -3.75          -1.60          -1.10          +0.09          +0.52
(iii) amine upgrading, reboiler 90 C (vacuum option, +0.05 kWh/Nm3), bottoming eta 0.20 on remaining heat          -5.10          -4.19          -2.07          -1.48          -0.33          +0.19
(iii) amine upgrading, reboiler 90 C (vacuum option, +0.05 kWh/Nm3), bottoming eta 0.25 on remaining heat          -4.99          -4.10          -2.00          -1.42          -0.27          +0.23
ref: upgrading outside boundary                                                                                    -3.90          -3.22          -0.86          -0.51          +0.85          +1.12
ref: upgrading outside boundary, bottoming eta 0.20                                                                -2.50          -2.11          +0.28          +0.41          +1.82          +1.90
ref: upgrading outside boundary, bottoming eta 0.25                                                                -2.15          -1.83          +0.57          +0.63          +2.06          +2.10
Saved: <repo>/revision/Result/T4b_surplus_heat_use.csv <repo>/revision/Result/T4b_summary.txt
